// Bun Snapshot v1, https://goo.gl/fbAQLP

exports[`snap 1`] = `"foo"`;
